Running Gradle task 'assembleDebug'...                          
flutter : 
At line:1 char:1
+ flutter build apk --de
bug 2>&1 | Tee-Object bu
ild_output.txt
+ ~~~~~~~~~~~~~~~~~~~~~~
~~~~~~~~
    + CategoryInfo      
        : NotSpecified  
  : (:String) [], Rem   
 oteException
    + FullyQualifiedErr 
   orId : NativeComman  
  dError
 
FAILURE: Build failed wi
th an exception.

* Where:
Build file 'C:\Users\ber
ka\.gemini\antigravity\s
cratch\smart_budget_roas
t\android\build.gradle.k
ts' line: 19

* What went wrong:
A problem occurred confi
guring project ':app'.
> com.android.builder.er
rors.EvalIssueException:
 [CXX1101] NDK at C:\Use
rs\berka\AppData\Local\A
ndroid\Sdk\ndk\28.2.1367
6358 did not have a sour
ce.properties file

* Try:
> Run with --stacktrace 
option to get the stack 
trace.
> Run with --info or --d
ebug option to get more 
log output.
> Run with --scan to get
 full insights.
> Get more help at https
://help.gradle.org.

BUILD FAILED in 1s
Running Gradle task 'assembleDebug'...                           1.681ms

ÔöîÔöÇ Flutter Fix ÔöÇÔöÇÔöÇÔöÇÔöÇÔöÇÔöÇÔöÇÔöÇÔöÇÔöÇÔöÇÔöÇÔöÇÔöÇÔöÇÔöÇÔöÇÔöÇÔöÇÔöÇÔöÇÔöÇÔöÇÔöÇÔöÇÔöÇÔöÇÔöÇÔöÇÔöÇÔöÇÔöÇÔöÇÔöÇÔöÇÔöÇÔöÇÔöÇÔöÇÔöÇÔöÇÔöÇÔöÇÔöÇÔöÇÔöÇÔöÇÔöÇÔöÇÔöÇÔöÇÔöÇÔöÇÔöÇÔöÇÔöÇÔöÇÔöÇÔöÇÔöÇÔöÇÔöÇÔöÉ
Ôöé     [!] This is likely due to a malformed download of the NDK.              Ôöé
Ôöé     This can be fixed by deleting the local NDK copy at:                    Ôöé
Ôöé     C:\Users\berka\AppData\Local\Android\Sdk\ndk\28.2.13676358              Ôöé
Ôöé     and allowing the Android Gradle Plugin to automatically re-download it. Ôöé
Ôöé                                                                             Ôöé
ÔööÔöÇÔöÇÔöÇÔöÇÔöÇÔöÇÔöÇÔöÇÔöÇÔöÇÔöÇÔöÇÔöÇÔöÇÔöÇÔöÇÔöÇÔöÇÔöÇÔöÇÔöÇÔöÇÔöÇÔöÇÔöÇÔöÇÔöÇÔöÇÔöÇÔöÇÔöÇÔöÇÔöÇÔöÇÔöÇÔöÇÔöÇÔöÇÔöÇÔöÇÔöÇÔöÇÔöÇÔöÇÔöÇÔöÇÔöÇÔöÇÔöÇÔöÇÔöÇÔöÇÔöÇÔöÇÔöÇÔöÇÔöÇÔöÇÔöÇÔöÇÔöÇÔöÇÔöÇÔöÇÔöÇÔöÇÔöÇÔöÇÔöÇÔöÇÔöÇÔöÇÔöÇÔöÇÔöÇÔöÇÔöÇÔöİ
Gradle task assembleDebu
g failed with exit code 
1
